BL51 BANKED LINKER/LOCATER V6.15                                                        07/13/2017  14:58:13  PAGE 1


BL51 BANKED LINKER/LOCATER V6.15, INVOKED BY:
C:\KEIL\C51\BIN\BL51.EXE main.obj TO buzzer RAMSIZE (256)


MEMORY MODEL: SMALL


INPUT MODULES INCLUDED:
  main.obj (MAIN)
  C:\KEIL\C51\LIB\C51S.LIB (?C_STARTUP)


LINK MAP OF MODULE:  buzzer (MAIN)


            TYPE    BASE      LENGTH    RELOCATION   SEGMENT NAME
            -----------------------------------------------------

            * * * * * * *   D A T A   M E M O R Y   * * * * * * *
            REG     0000H     0008H     ABSOLUTE     "REG BANK 0"
            IDATA   0008H     0001H     UNIT         ?STACK

            * * * * * * *   C O D E   M E M O R Y   * * * * * * *
            CODE    0000H     0003H     ABSOLUTE     
                    0003H     07FDH                  *** GAP ***
            CODE    0800H     0018H     UNIT         ?PR?_DELAY?MAIN
            CODE    0818H     0010H     UNIT         ?PR?MAIN?MAIN
            CODE    0828H     000CH     UNIT         ?C_C51STARTUP



OVERLAY MAP OF MODULE:   buzzer (MAIN)


SEGMENT
  +--> CALLED SEGMENT
---------------------
?C_C51STARTUP
  +--> ?PR?MAIN?MAIN

?PR?MAIN?MAIN
  +--> ?PR?_DELAY?MAIN



SYMBOL TABLE OF MODULE:  buzzer (MAIN)

  VALUE           TYPE          NAME
  ----------------------------------

  -------         MODULE        MAIN
  C:0000H         SYMBOL        _ICE_DUMMY_
  D:00A0H         PUBLIC        P2
  C:0800H         PUBLIC        _delay
  C:0818H         PUBLIC        main
  B:00A0H.0       PUBLIC        relay1
  B:00A0H.1       PUBLIC        relay2
  -------         PROC          _DELAY
BL51 BANKED LINKER/LOCATER V6.15                                                      07/13/2017  14:58:13  PAGE 2


  D:0006H         SYMBOL        t
  -------         DO            
  D:0004H         SYMBOL        i
  -------         ENDDO         
  C:0800H         LINE#         6
  C:0800H         LINE#         7
  C:0800H         LINE#         9
  C:0817H         LINE#         10
  -------         ENDPROC       _DELAY
  -------         PROC          MAIN
  C:0818H         LINE#         12
  C:0818H         LINE#         13
  C:0818H         LINE#         16
  C:081AH         LINE#         17
  C:0821H         LINE#         18
  C:0823H         LINE#         19
  C:0826H         LINE#         20
  C:0826H         LINE#         21
  C:0826H         LINE#         23
  -------         ENDPROC       MAIN
  -------         ENDMOD        MAIN

******************************************************************************
* RESTRICTED VERSION WITH 0800H BYTE CODE SIZE LIMIT; USED: 0028H BYTE ( 1%) *
******************************************************************************

Program Size: data=9.0 xdata=0 code=55
LINK/LOCATE RUN COMPLETE.  0 WARNING(S),  0 ERROR(S)
