C51 COMPILER V8.16   FADELED                                                               06/13/2017 12:09:56 PAGE 1   


C51 COMPILER V8.16, COMPILATION OF MODULE FADELED
OBJECT MODULE PLACED IN fadeled.OBJ
COMPILER INVOKED BY: C:\Keil\C51\BIN\C51.EXE fadeled.c BROWSE DEBUG OBJECTEXTEND

line level    source

   1          #include <REGX51.H>
   2          #define ledport P0
   3          sbit ledpt = P1^4;
   4          void delay(int t);
   5          unsigned int i,j,t;
   6          void main()
   7          {
   8   1      
   9   1               ledpt=0;
  10   1               EA=1;
  11   1              
  12   1               TMOD=0x01;
  13   1               TR0=1;
  14   1               while(1)
  15   1               {
  16   2                      for(i=0;i<500;i++)
  17   2                      {
  18   3                      
  19   3                      ledport=0x00;
  20   3                      delay(i);
  21   3                      ledport=0xff;
  22   3                      delay(500-i);
  23   3               }
  24   2               for(i=0;i<550;i++)
  25   2                      {
  26   3                      
  27   3                      ledport=0xff;   
  28   3                      delay(i);
  29   3                      ledport=0x00;
  30   3                      delay(550-i);
  31   3               }
  32   2               }
  33   1      
  34   1      }
  35          
  36          
  37          void delay(int t)
  38          {
  39   1              for(j=0;j<t;j++)
  40   1              {
  41   2              TH0=0xff;
  42   2              TL0=0xeb;
  43   2              TR0=1;
  44   2              while(TF0==0);
  45   2              TF0=0;
  46   2              TR0=0;
  47   2      
  48   2               }
  49   1      }


MODULE INFORMATION:   STATIC OVERLAYABLE
   CODE SIZE        =    151    ----
   CONSTANT SIZE    =   ----    ----
   XDATA SIZE       =   ----    ----
C51 COMPILER V8.16   FADELED                                                               06/13/2017 12:09:56 PAGE 2   

   PDATA SIZE       =   ----    ----
   DATA SIZE        =      6    ----
   IDATA SIZE       =   ----    ----
   BIT SIZE         =   ----    ----
END OF MODULE INFORMATION.


C51 COMPILATION COMPLETE.  0 WARNING(S),  0 ERROR(S)
